# P06 probe: decoded-frame to odometry-row offset, with and without the MP4 edit list
=== 1a8384c3f6
odometry first gaps [1, 1, 3, 1, 2, 1]
{} decoded 5250 first pts [0, 1, 4, 5, 7]
   row offset 0: gap agreement 2007/5249
   row offset 1: gap agreement 5249/5249
   offset 1: raw residual 0.00..16.55 ms, clock-rate 143.9 ppm, post-fit max 0.12 ms
{'ignore_editlist': '1'} decoded 5251 first pts [0, 1, 2, 5, 6]
   row offset 0: gap agreement 5250/5250
   row offset 1: gap agreement 2007/5249
   offset 0: raw residual 0.00..16.55 ms, clock-rate 143.9 ppm, post-fit max 0.12 ms
=== c00a170fe1
odometry first gaps [1, 1, 3, 2, 1, 2]
{} decoded 1714 first pts [0, 1, 4, 6, 7]
   row offset 0: gap agreement 692/1713
   row offset 1: gap agreement 1713/1713
   offset 1: raw residual 0.00..5.70 ms, clock-rate 153.3 ppm, post-fit max 0.03 ms
{'ignore_editlist': '1'} decoded 1715 first pts [0, 1, 2, 5, 7]
   row offset 0: gap agreement 1714/1714
   row offset 1: gap agreement 692/1713
   offset 0: raw residual 0.00..5.70 ms, clock-rate 153.3 ppm, post-fit max 0.03 ms
