start 2026-10-04T09:04:36Z
fetching 3 models (2.78 GB pinned) into /Users/dakshtaneja/Desktop/FloScan/models
  depth_pro/config.json: 0.0 MB in 0.4 s, sha256 verified
  depth_pro/model.safetensors: 1904.2 MB in 511.9 s, sha256 verified
  depth_pro/preprocessor_config.json: 0.0 MB in 0.5 s, sha256 verified
  grounding_dino_tiny/added_tokens.json: 0.0 MB in 0.4 s, sha256 verified
  grounding_dino_tiny/config.json: 0.0 MB in 0.4 s, sha256 verified
  grounding_dino_tiny/model.safetensors: 689.4 MB in 151.2 s, sha256 verified
  grounding_dino_tiny/preprocessor_config.json: 0.0 MB in 0.4 s, sha256 verified
  grounding_dino_tiny/special_tokens_map.json: 0.0 MB in 0.4 s, sha256 verified
  grounding_dino_tiny/tokenizer.json: 0.7 MB in 0.6 s, sha256 verified
  grounding_dino_tiny/tokenizer_config.json: 0.0 MB in 0.3 s, sha256 verified
  grounding_dino_tiny/vocab.txt: 0.2 MB in 0.4 s, sha256 verified
  sam2_1_hiera_small/config.json: 0.0 MB in 0.3 s, sha256 verified
  sam2_1_hiera_small/model.safetensors: 184.3 MB in 40.0 s, sha256 verified
  sam2_1_hiera_small/preprocessor_config.json: 0.0 MB in 0.4 s, sha256 verified
  sam2_1_hiera_small/processor_config.json: 0.0 MB in 0.4 s, sha256 verified
  sam2_1_hiera_small/video_preprocessor_config.json: 0.0 MB in 0.4 s, sha256 verified
done: 2.78 GB downloaded in 709 s; all files match the lock
real 709.27
user 7.02
sys 8.46
exit=0
end 2026-10-04T09:16:25Z
