## clean shell: 0 of PYTHONPATH/UV_PROJECT_ENVIRONMENT/VIRTUAL_ENV set
## durable setup step (scripts/bootstrap.sh, run 16:32): .venv -> .venv.nosync; flags .venv.nosync=- floscan.pth=-
$ uv sync --locked
Resolved 116 packages in 16ms
Checked 93 packages in 12ms
exit=0
$ uv run floscan --help  (#1)
exit=0
$ uv run floscan --help  (#2)
exit=0
$ uv run floscan --help  (#3)
exit=0
$ ./run.sh --help
exit=0
$ uv run pytest -q
........................................................................ [ 67%]
...................................                                      [100%]
107 passed in 129.35s (0:02:09)
exit=0
$ uv run floscan doctor --live-models --devices mps --output runs/p02a-evidence/doctor-mps.json
hardware: Apple M2 Pro, 12 CPUs, 16.00 GiB RAM, macOS 27.0 (26A5353q), Python 3.11.15
torch 2.12.1: cuda_build=None cuda=False mps=True
  library numpy        ok      2.4.6
  library scipy        ok      1.17.1
  library shapely      ok      2.1.2
  library pydantic     ok      2.12.5
  library opencv       ok      4.13.0
  library av           ok      18.1.0
  library pycolmap     ok      4.1.1
  library open3d       ok      0.19.0
  library torch        ok      2.12.1
  library transformers ok      5.15.1
  same-process torch+pycolmap  conflict
  same-process torch+open3d    compatible
  same-process opencv+av       compatible
  checkpoint depth_pro            ok (1.0 s to hash)
  checkpoint grounding_dino_tiny  ok (0.4 s to hash)
  checkpoint sam2_1_hiera_small   ok (0.1 s to hash)
  live depth_pro            mps  float16  ok            load    1.1 s  cold   5.83 s  warm   5.90 s  peak RSS 0.47 GiB  accelerator 8.52 GiB
  live grounding_dino_tiny  mps  float32  ok            load    0.7 s  cold   1.16 s  warm   0.64 s  peak RSS 0.70 GiB  accelerator 2.39 GiB
  live sam2_1_hiera_small   mps  float32  ok            load    0.2 s  cold   0.43 s  warm   0.24 s  peak RSS 0.61 GiB  accelerator 3.08 GiB
  profile mps  usable
doctor: ok; usable devices ['mps']
report: runs/p02a-evidence/doctor-mps.json
exit=0
$ uv run floscan --version  (after all runs)
floscan 0.1.0
exit=0
## after: .venv -> .venv.nosync; flags .venv.nosync=- floscan.pth=-
